Document
├─ Paragraph
│  └─ Text "Text text."
├─ OrderedList
│  ├─ ListItem
│  │  └─ Paragraph
│  │     └─ Text "One"
│  ├─ ListItem
│  │  ├─ Paragraph
│  │  │  └─ Text "Two"
│  │  └─ UnorderedList
│  │     ├─ ListItem
│  │     │  └─ Paragraph
│  │     │     └─ Text "Three"
│  │     └─ ListItem
│  │        └─ Paragraph
│  │           └─ Text "Four"
│  └─ ListItem
│     └─ Paragraph
│        └─ Text "Five"
└─ Paragraph
   └─ Text "Text text."