Document
├─ Paragraph
│  └─ Text "Text text."
├─ Heading level: 1
│  └─ Text "Heading"
└─ Paragraph
   └─ Text "Text text."