Document
├─ Paragraph
│  └─ Text "Text text."
├─ ThematicBreak
└─ Paragraph
   └─ Text "Text text."