Document
└─ Paragraph
   ├─ Text "Text "
   ├─ Link destination: "www.example.com"
   │  └─ Text "link"
   ├─ Text " text "
   └─ Image source: "www.example.com" title: ""
      └─ Text "image"