Document
├─ Paragraph
│  └─ Text "Text text."
├─ CodeBlock language: none
│  Code block
│  Code block
└─ Paragraph
   └─ Text "Text text."