Document
└─ Paragraph
   ├─ Text "Text "
   └─ Strong
      ├─ Text "strong "
      └─ Emphasis
         ├─ Text "emphasis "
         ├─ InlineCode `code`
         ├─ Text " "
         └─ InlineHTML <html>