Document
├─ Paragraph
│  └─ Text "Text text."
├─ HTMLBlock
│  <html>
│      <head></head>
│  </html>
└─ Paragraph
   └─ Text "Text text."