Document
└─ Paragraph
   ├─ Text "Text text."
   ├─ LineBreak
   └─ Text "Text text."