Document
└─ Paragraph
   ├─ Text "Text text"
   ├─ SoftBreak
   └─ Text "text text"