Document
├─ Paragraph
│  └─ Text "Text text."
├─ BlockQuote
│  └─ Paragraph
│     ├─ Text "Quote"
│     ├─ SoftBreak
│     └─ Text "Quote"
└─ BlockQuote
   └─ Paragraph
      ├─ Text "Quote"
      ├─ SoftBreak
      └─ Text "Quote"